
================================================================================
表 1  规模 n 实验（n=10^3…10^5, K∈{64,128,256}, k=3）  → tab:exp-n-fixed
================================================================================
列: n | N | K | ins(μs) | qry(μs) | del(μs) | 总踢出 | rebuild_down | rebuild_up | bits/key

n=10^3 (N=1024, K=64, k=3)
  实测基线: ins=49.40 qry=2.10 del=69.70 kick=37 rebuild=16/191 bpk=57.47 facilities=16
CH4_TABLE,n,1000,1024,64,3,49.40,2.10,69.70,37,16,191,57.47

n=10^3 (N=1024, K=128, k=3)
  实测基线: ins=50.50 qry=2.30 del=69.00 kick=35 rebuild=23/213 bpk=57.59 facilities=8
CH4_TABLE,n,1000,1024,128,3,50.50,2.30,69.00,35,23,213,57.59

n=10^3 (N=1024, K=256, k=3)
  实测基线: ins=52.90 qry=2.30 del=69.80 kick=13 rebuild=8/215 bpk=57.61 facilities=4
CH4_TABLE,n,1000,1024,256,3,52.90,2.30,69.80,13,8,215,57.61

n=10^4 (N=16384, K=64, k=3)
  实测基线: ins=47.60 qry=3.20 del=82.50 kick=822 rebuild=434/2149 bpk=57.02 facilities=256
CH4_TABLE,n,10000,16384,64,3,47.60,3.20,82.50,822,434,2149,57.02

n=10^4 (N=16384, K=128, k=3)
  实测基线: ins=49.10 qry=2.80 del=69.40 kick=538 rebuild=295/2361 bpk=57.13 facilities=128
CH4_TABLE,n,10000,16384,128,3,49.10,2.80,69.40,538,295,2361,57.13

n=10^4 (N=16384, K=256, k=3)
  实测基线: ins=49.60 qry=2.70 del=70.00 kick=325 rebuild=186/2450 bpk=57.12 facilities=64
CH4_TABLE,n,10000,16384,256,3,49.60,2.70,70.00,325,186,2450,57.12

n=10^5 (N=131072, K=64, k=3)
  实测基线: ins=76.20 qry=8.60 del=498.00 kick=7535 rebuild=10521/45018 bpk=56.73 facilities=2048
CH4_TABLE,n,100000,131072,64,3,76.20,8.60,498.00,7535,10521,45018,56.73

n=10^5 (N=131072, K=128, k=3)
  实测基线: ins=84.20 qry=5.90 del=526.90 kick=4725 rebuild=10794/52417 bpk=57.11 facilities=1024
CH4_TABLE,n,100000,131072,128,3,84.20,5.90,526.90,4725,10794,52417,57.11

n=10^5 (N=131072, K=256, k=3)
  实测基线: ins=82.30 qry=4.50 del=564.20 kick=2751 rebuild=11497/56349 bpk=57.29 facilities=512
CH4_TABLE,n,100000,131072,256,3,82.30,4.50,564.20,2751,11497,56349,57.29

--- summary ---
all_ok=true