\BOOKMARK [0][-]{abstract.0}{\376\377\116\055\145\207\144\130\211\201}{}% 1
\BOOKMARK [0][-]{abstract-en.0}{\376\377\000A\000B\000S\000T\000R\000A\000C\000T}{}% 2
\BOOKMARK [0][-]{chapter*.3}{\376\377\166\356\137\125}{}% 3
\BOOKMARK [0][-]{chapter.1}{\376\377\173\054\116\000\172\340\000\040\137\025\212\000}{}% 4
\BOOKMARK [1][-]{section.1.1}{\376\377\0001\000.\0001\000\040\133\236\232\214\200\314\146\157\123\312\141\017\116\111}{chapter.1}% 5
\BOOKMARK [1][-]{section.1.2}{\376\377\0001\000.\0002\000\040\126\375\121\205\131\026\170\024\172\166\163\260\162\266}{chapter.1}% 6
\BOOKMARK [1][-]{section.1.3}{\376\377\0001\000.\0003\000\040\147\054\145\207\116\073\211\201\135\345\117\134}{chapter.1}% 7
\BOOKMARK [1][-]{section.1.4}{\376\377\0001\000.\0004\000\040\147\054\145\207\176\304\176\307\176\323\147\204}{chapter.1}% 8
\BOOKMARK [0][-]{chapter.2}{\376\377\173\054\116\214\172\340\000\040\225\356\230\230\152\041\127\213\116\016\164\006\213\272\127\372\170\100}{}% 9
\BOOKMARK [1][-]{section.2.1}{\376\377\0002\000.\0001\000\040\143\242\155\113\131\015\147\102\136\246\116\016\164\003\151\375\122\006\221\115\152\041\127\213}{chapter.2}% 10
\BOOKMARK [1][-]{section.2.2}{\376\377\0002\000.\0002\000\040\174\373\176\337\150\070\137\303\213\276\133\232\377\032\121\150\127\337\116\016\124\310\136\014\127\372\170\100}{chapter.2}% 11
\BOOKMARK [2][-]{subsection.2.2.1}{\376\377\0002\000.\0002\000.\0001\000\040\121\150\134\100\123\302\145\160}{section.2.2}% 12
\BOOKMARK [2][-]{subsection.2.2.2}{\376\377\0002\000.\0002\000.\0002\000\040\123\357\220\006\177\156\143\142\116\016\121\150\134\100\215\357\165\061\124\310\136\014}{section.2.2}% 13
\BOOKMARK [2][-]{subsection.2.2.3}{\376\377\0002\000.\0002\000.\0003\000\040\000f\000a\000c\000i\000l\000i\000t\000y\000\040\177\026\123\367\116\016\000\040\000c\000u\000b\000b\000y\000\040\121\205\134\100\220\350\127\060\127\100}{section.2.2}% 14
\BOOKMARK [1][-]{section.2.3}{\376\377\0002\000.\0003\000\040\150\070\137\303\176\304\116\366\134\102\176\247\121\163\174\373}{chapter.2}% 15
\BOOKMARK [1][-]{section.2.4}{\376\377\0002\000.\0004\000\040\125\106\123\213\177\051\166\204\117\341\140\157\213\272\140\035\140\363}{chapter.2}% 16
\BOOKMARK [1][-]{section.2.5}{\376\377\0002\000.\0005\000\040\000k\000-\000k\000i\000c\000k\060\001\000M\000i\000n\000i\000A\000r\000r\000a\000y\000\040\116\016\000\040\000L\000o\000c\000a\000l\000\040\000Q\000u\000e\000r\000y\000\040\000R\000o\000u\000t\000e\000r}{chapter.2}% 17
\BOOKMARK [2][-]{subsection.2.5.1}{\376\377\0002\000.\0005\000.\0001\000\040\000k\000-\000k\000i\000c\000k\377\032\220\073\217\221\122\006\134\102\116\016\116\244\143\142\116\012\165\114}{section.2.5}% 18
\BOOKMARK [2][-]{subsection.2.5.2}{\376\377\0002\000.\0005\000.\0002\000\040\000M\000i\000n\000i\000A\000r\000r\000a\000y\000\040\000M}{section.2.5}% 19
\BOOKMARK [2][-]{subsection.2.5.3}{\376\377\0002\000.\0005\000.\0003\000\040\000L\000o\000c\000a\000l\000\040\000Q\000u\000e\000r\000y\000\040\000R\000o\000u\000t\000e\000r\377\032\000O\000\050\0001\000\051\000\040\147\345\213\342\116\016\146\040\134\004\133\130\120\250}{section.2.5}% 20
\BOOKMARK [2][-]{subsection.2.5.4}{\376\377\0002\000.\0005\000.\0004\000\040\217\205\122\251\176\323\147\204\124\014\153\145\116\015\123\330\221\317}{section.2.5}% 21
\BOOKMARK [1][-]{section.2.6}{\376\377\0002\000.\0006\000\040\147\054\172\340\134\017\176\323}{chapter.2}% 22
\BOOKMARK [0][-]{chapter.3}{\376\377\173\054\116\011\172\340\000\040\124\310\136\014\210\150\176\323\147\204\116\016\173\227\154\325\213\276\213\241}{}% 23
\BOOKMARK [1][-]{section.3.1}{\376\377\0003\000.\0001\000\040\000f\000a\000c\000i\000l\000i\000t\000y\000\040\116\016\000\040\000M\000i\000n\000i\000A\000r\000r\000a\000y}{chapter.3}% 24
\BOOKMARK [2][-]{subsection.3.1.1}{\376\377\0003\000.\0001\000.\0001\000\040\000f\000a\000c\000i\000l\000i\000t\000y\000\040\166\204\127\372\147\054\134\136\140\047}{section.3.1}% 25
\BOOKMARK [2][-]{subsection.3.1.2}{\376\377\0003\000.\0001\000.\0002\000\040\000M\000i\000n\000i\000A\000r\000r\000a\000y\000\040\166\204\220\073\217\221\176\323\147\204}{section.3.1}% 26
\BOOKMARK [2][-]{subsection.3.1.3}{\376\377\0003\000.\0001\000.\0003\000\040\000A\000c\000c\000e\000s\000s\377\032\143\011\220\073\217\221\116\013\150\007\213\373\123\326}{section.3.1}% 27
\BOOKMARK [2][-]{subsection.3.1.4}{\376\377\0003\000.\0001\000.\0004\000\040\000I\000n\000s\000e\000r\000t\377\032\143\322\121\145\116\016\123\366\122\006\210\302}{section.3.1}% 28
\BOOKMARK [2][-]{subsection.3.1.5}{\376\377\0003\000.\0001\000.\0005\000\040\000D\000e\000l\000e\000t\000e\377\032\122\040\226\144\116\016\123\366\124\010\136\166}{section.3.1}% 29
\BOOKMARK [2][-]{subsection.3.1.6}{\376\377\0003\000.\0001\000.\0006\000\040\000U\000p\000d\000a\000t\000e\377\032\123\237\127\060\211\206\121\231}{section.3.1}% 30
\BOOKMARK [2][-]{subsection.3.1.7}{\376\377\0003\000.\0001\000.\0007\000\040\000S\000p\000l\000i\000t\000\040\116\016\000\040\000M\000e\000r\000g\000e}{section.3.1}% 31
\BOOKMARK [2][-]{subsection.3.1.8}{\376\377\0003\000.\0001\000.\0008\000\040\000R\000a\000n\000k\000\040\116\016\000\040\000S\000e\000l\000e\000c\000t}{section.3.1}% 32
\BOOKMARK [2][-]{subsection.3.1.9}{\376\377\0003\000.\0001\000.\0009\000\040\131\015\147\102\136\246\116\016\172\172\225\364\140\047\215\050}{section.3.1}% 33
\BOOKMARK [1][-]{section.3.2}{\376\377\0003\000.\0002\000\040\131\032\134\102\176\247\000\040\000c\000u\000b\000b\000y\000\040\213\276\213\241}{chapter.3}% 34
\BOOKMARK [2][-]{subsection.3.2.1}{\376\377\0003\000.\0002\000.\0001\000\040\134\102\176\247\134\136\140\047\116\016\122\035\131\313\162\266\140\001}{section.3.2}% 35
\BOOKMARK [2][-]{subsection.3.2.2}{\376\377\0003\000.\0002\000.\0002\000\040\122\250\140\001\214\003\145\164\377\032\124\010\136\166\116\016\142\306\122\006}{section.3.2}% 36
\BOOKMARK [2][-]{subsection.3.2.3}{\376\377\0003\000.\0002\000.\0003\000\040\000c\000u\000b\000b\000y\000\040\121\205\220\350\176\304\116\366}{section.3.2}% 37
\BOOKMARK [2][-]{subsection.3.2.4}{\376\377\0003\000.\0002\000.\0004\000\040\143\322\121\145\116\016\122\040\226\144\144\315\117\134}{section.3.2}% 38
\BOOKMARK [1][-]{section.3.3}{\376\377\0003\000.\0003\000\040\000k\000-\000k\000i\000c\000k\000\040\134\102\176\247\143\322\121\145\173\227\154\325}{chapter.3}% 39
\BOOKMARK [2][-]{subsection.3.3.1}{\376\377\0003\000.\0003\000.\0001\000\040\134\102\176\247\133\120\123\072\225\364\133\232\116\111}{section.3.3}% 40
\BOOKMARK [2][-]{subsection.3.3.2}{\376\377\0003\000.\0003\000.\0002\000\040\120\117\131\175\136\217\122\027}{section.3.3}% 41
\BOOKMARK [2][-]{subsection.3.3.3}{\376\377\0003\000.\0003\000.\0003\000\040\143\242\155\113\117\115\177\156\136\217\122\027}{section.3.3}% 42
\BOOKMARK [2][-]{subsection.3.3.4}{\376\377\0003\000.\0003\000.\0004\000\040\133\120\123\072\225\364\231\161\124\214\116\016\147\000\131\047\123\357\165\050\155\361\136\246}{section.3.3}% 43
\BOOKMARK [2][-]{subsection.3.3.5}{\376\377\0003\000.\0003\000.\0005\000\040\226\217\147\072\155\361\136\246\220\011\142\351\116\016\000\040\000I\000n\000s\000e\000r\000t\000K\000i\000c\000k}{section.3.3}% 44
\BOOKMARK [2][-]{subsection.3.3.6}{\376\377\0003\000.\0003\000.\0006\000\040\000R\000e\000I\000n\000s\000e\000r\000t\377\032\210\253\216\042\121\103\175\040\124\021\116\012\145\076\121\145}{section.3.3}% 45
\BOOKMARK [2][-]{subsection.3.3.7}{\376\377\0003\000.\0003\000.\0007\000\040\131\015\147\102\136\246\116\016\153\143\170\156\140\047}{section.3.3}% 46
\BOOKMARK [1][-]{section.3.4}{\376\377\0003\000.\0004\000\040\000L\000o\000c\000a\000l\000\040\000Q\000u\000e\000r\000y\000\040\000R\000o\000u\000t\000e\000r}{chapter.3}% 47
\BOOKMARK [2][-]{subsection.3.4.1}{\376\377\0003\000.\0004\000.\0001\000\040\213\276\213\241\166\356\150\007}{section.3.4}% 48
\BOOKMARK [2][-]{subsection.3.4.2}{\376\377\0003\000.\0004\000.\0002\000\040\146\040\134\004\211\304\122\031}{section.3.4}% 49
\BOOKMARK [2][-]{subsection.3.4.3}{\376\377\0003\000.\0004\000.\0003\000\040\116\214\123\311\122\115\177\000\150\021\133\130\120\250\116\016\143\245\123\343}{section.3.4}% 50
\BOOKMARK [2][-]{subsection.3.4.4}{\376\377\0003\000.\0004\000.\0004\000\040\131\015\147\102\136\246\116\016\000\040\000P\000a\000t\000r\000i\000c\000i\000a\000\040\123\213\177\051}{section.3.4}% 51
\BOOKMARK [1][-]{section.3.5}{\376\377\0003\000.\0005\000\040\125\106\123\213\177\051\116\016\225\056\140\142\131\015}{chapter.3}% 52
\BOOKMARK [2][-]{subsection.3.5.1}{\376\377\0003\000.\0005\000.\0001\000\040\213\276\213\241\122\250\147\072\116\016\117\341\140\157\122\006\135\345}{section.3.5}% 53
\BOOKMARK [2][-]{subsection.3.5.2}{\376\377\0003\000.\0005\000.\0002\000\040\000p\000i\000\050\000x\000\051\000\040\116\016\000\040\000g\000*\000\050\000x\000\051\000\040\166\204\117\115\153\265\122\022\122\006}{section.3.5}% 54
\BOOKMARK [2][-]{subsection.3.5.3}{\376\377\0003\000.\0005\000.\0003\000\040\000M\000i\000n\000i\000A\000r\000r\000a\000y\000\040\000B\000\040\116\055\166\204\000\040\000M\000e\000t\000a\000E\000n\000t\000r\000y}{section.3.5}% 55
\BOOKMARK [2][-]{subsection.3.5.4}{\376\377\0003\000.\0005\000.\0004\000\040\140\142\131\015\377\032\221\315\136\372\000\040\000p\000i\000\050\000x\000\051}{section.3.5}% 56
\BOOKMARK [2][-]{subsection.3.5.5}{\376\377\0003\000.\0005\000.\0005\000\040\147\345\213\342\150\041\232\214}{section.3.5}% 57
\BOOKMARK [1][-]{section.3.6}{\376\377\0003\000.\0006\000\040\143\322\121\145\060\001\147\345\213\342\116\016\122\040\226\144}{chapter.3}% 58
\BOOKMARK [1][-]{section.3.7}{\376\377\0003\000.\0007\000\040\121\267\160\355\122\006\134\102\225\056\133\130\120\250\133\236\163\260}{chapter.3}% 59
\BOOKMARK [1][-]{section.3.8}{\376\377\0003\000.\0008\000\040\147\054\172\340\134\017\176\323}{chapter.3}% 60
\BOOKMARK [0][-]{chapter.4}{\376\377\173\054\126\333\172\340\000\040\174\373\176\337\140\047\200\375\133\236\232\214}{}% 61
\BOOKMARK [1][-]{section.4.1}{\376\377\0004\000.\0001\000\040\133\236\232\214\166\356\166\204\116\016\163\257\130\203}{chapter.4}% 62
\BOOKMARK [1][-]{section.4.2}{\376\377\0004\000.\0002\000\040\133\236\232\214\145\271\150\110}{chapter.4}% 63
\BOOKMARK [1][-]{section.4.3}{\376\377\0004\000.\0003\000\040\211\304\152\041\000\040\000n\000\040\133\236\232\214}{chapter.4}% 64
\BOOKMARK [1][-]{section.4.4}{\376\377\0004\000.\0004\000\040\000f\000a\000c\000i\000l\000i\000t\000y\000\040\211\304\152\041\000\040\000K\000\040\133\236\232\214}{chapter.4}% 65
\BOOKMARK [1][-]{section.4.5}{\376\377\0004\000.\0005\000\040\000k\000-\000k\000i\000c\000k\000\040\155\361\136\246\000\040\000k\000\040\133\236\232\214}{chapter.4}% 66
\BOOKMARK [1][-]{section.4.6}{\376\377\0004\000.\0006\000\040\131\032\134\102\176\247\000\040\000c\000u\000b\000b\000y\000\040\122\250\140\001\221\315\147\204\133\236\232\214}{chapter.4}% 67
\BOOKMARK [1][-]{section.4.7}{\376\377\0004\000.\0007\000\040\147\054\172\340\134\017\176\323}{chapter.4}% 68
\BOOKMARK [0][-]{chapter.5}{\376\377\173\054\116\224\172\340\000\040\121\267\160\355\122\006\134\102\133\130\120\250\133\371\161\147\133\236\232\214}{}% 69
\BOOKMARK [1][-]{section.5.1}{\376\377\0005\000.\0001\000\040\133\236\232\214\166\356\166\204\116\016\145\271\150\110\213\276\177\156}{chapter.5}% 70
\BOOKMARK [1][-]{section.5.2}{\376\377\0005\000.\0002\000\040\215\037\217\175\116\016\176\337\213\241\123\343\137\204}{chapter.5}% 71
\BOOKMARK [1][-]{section.5.3}{\376\377\0005\000.\0003\000\040\131\032\134\102\176\247\121\205\133\130\176\323\147\204\133\371\161\147}{chapter.5}% 72
\BOOKMARK [1][-]{section.5.4}{\376\377\0005\000.\0004\000\040\176\257\145\160\143\156\136\223\176\323\147\204\133\371\161\147}{chapter.5}% 73
\BOOKMARK [1][-]{section.5.5}{\376\377\0005\000.\0005\000\040\172\172\225\364\123\140\165\050\116\016\153\143\170\156\140\047\133\371\161\147}{chapter.5}% 74
\BOOKMARK [1][-]{section.5.6}{\376\377\0005\000.\0006\000\040\147\054\172\340\134\017\176\323}{chapter.5}% 75
\BOOKMARK [0][-]{chapter.6}{\376\377\173\054\121\155\172\340\000\040\140\073\176\323\116\016\134\125\147\033}{}% 76
\BOOKMARK [1][-]{section.6.1}{\376\377\0006\000.\0001\000\040\135\345\117\134\140\073\176\323}{chapter.6}% 77
\BOOKMARK [1][-]{section.6.2}{\376\377\0006\000.\0002\000\040\116\015\215\263\116\016\134\100\226\120}{chapter.6}% 78
\BOOKMARK [1][-]{section.6.3}{\376\377\0006\000.\0003\000\040\134\125\147\033}{chapter.6}% 79
\BOOKMARK [0][-]{chapter*.25}{\376\377\123\302\200\003\145\207\163\056}{}% 80
\BOOKMARK [0][-]{chapter*.26}{\376\377\201\364\214\042}{}% 81
